

Sun Jan 12 02:21:40 2020
Command line: TestDisk

TestDisk 7.0, Data Recovery Utility, April 2015
Christophe GRENIER <grenier@cgsecurity.org>
http://www.cgsecurity.org
OS: Linux, kernel 4.15.0-74-generic (#84-Ubuntu SMP Thu Dec 19 08:06:28 UTC 2019) x86_64
Compiler: GCC 7.2
ext2fs lib: 1.44.1, ntfs lib: libntfs-3g, reiserfs lib: none, ewf lib: none, curses lib: ncurses 6.0
/dev/sda: LBA, HPA, LBA48, DCO support
/dev/sda: size       1953525168 sectors
/dev/sda: user_max   1953525168 sectors
/dev/sda: native_max 1953525168 sectors
/dev/sdb: LBA, HPA, LBA48, DCO support
/dev/sdb: size       976773168 sectors
/dev/sdb: user_max   976773168 sectors
/dev/sdb: native_max 976773168 sectors
Warning: can't get size for Disk /dev/mapper/control - 0 B - 0 sectors, sector size=512
Hard disk list
Disk /dev/sda - 1000 GB / 931 GiB - CHS 121601 255 63, sector size=512 - HGST HTS721010A9E630, S/N:JR10046P2T716N, FW:JB0OA3J0
Disk /dev/sdb - 500 GB / 465 GiB - CHS 60801 255 63, sector size=512 - Samsung SSD 860 EVO 500GB, S/N:S3Z2NB0K245098K, FW:RVT01B6Q
Disk /dev/mapper/cryptswap1 - 7797 MB / 7436 MiB - 15229952 sectors, sector size=512
Disk /dev/dm-0 - 7797 MB / 7436 MiB - 15229952 sectors, sector size=512


TestDisk exited normally.
